0,top^CLK,57,165
1,top^RST_N,0,91
2,top^iport0_put~0,57,139
3,top^iport0_put~1,0,141
4,top^iport0_put~2,41,161
5,top^iport0_put~3,0,139
6,top^iport0_put~4,0,161
7,top^iport0_put~5,0,83
8,top^iport0_put~6,57,117
9,top^iport0_put~7,0,145
10,top^iport0_put~8,41,177
11,top^iport0_put~9,0,161
12,top^iport0_put~10,57,161
13,top^iport0_put~11,0,61
14,top^iport0_put~12,57,147
15,top^iport0_put~13,57,103
16,top^iport0_put~14,57,113
17,top^iport0_put~15,57,125
18,top^iport0_put~16,0,147
19,top^iport0_put~17,57,131
20,top^iport0_put~18,41,163
21,top^iport0_put~19,0,139
22,top^iport0_put~20,0,129
23,top^iport0_put~21,0,87
24,top^iport0_put~22,0,163
25,top^iport0_put~23,41,123
26,top^iport0_put~24,41,131
27,top^iport0_put~25,41,139
28,top^iport0_put~26,0,85
29,top^iport0_put~27,0,155
30,top^iport0_put~28,0,61
31,top^iport0_put~29,41,155
32,top^iport0_put~30,41,121
33,top^iport0_put~31,41,29
34,top^iport0_put~32,0,63
35,top^iport0_put~33,57,105
36,top^iport0_put~34,57,119
37,top^iport0_put~35,0,163
38,top^iport0_put~36,0,77
39,top^iport0_put~37,41,179
40,top^iport0_put~38,0,73
41,top^iport0_put~39,0,153
42,top^iport0_put~40,0,149
43,top^iport0_put~41,0,119
44,top^iport0_put~42,57,121
45,top^iport0_put~43,0,67
46,top^iport0_put~44,0,133
47,top^iport0_put~45,41,149
48,top^iport0_put~46,57,149
49,top^iport0_put~47,41,157
50,top^iport0_put~48,57,141
51,top^iport0_put~49,57,157
52,top^iport0_put~50,41,125
53,top^iport0_put~51,41,155
54,top^iport0_put~52,41,133
55,top^iport0_put~53,41,143
56,top^iport0_put~54,41,137
57,top^iport0_put~55,0,141
58,top^iport0_put~56,57,153
59,top^iport0_put~57,57,167
60,top^iport0_put~58,41,173
61,top^iport0_put~59,0,127
62,top^iport0_put~60,41,157
63,top^iport0_put~61,57,123
64,top^iport0_put~62,0,133
65,top^iport0_put~63,41,141
66,top^iport0_put~64,0,157
67,top^iport0_put~65,41,153
68,top^iport0_put~66,41,137
69,top^iport0_put~67,41,149
70,top^iport0_put~68,57,163
71,top^iport0_put~69,41,169
72,top^iport0_put~70,57,157
73,top^iport0_put~71,57,153
74,top^iport0_put~72,57,161
75,top^iport0_put~73,41,125
76,top^iport0_put~74,41,181
77,top^iport0_put~75,41,145
78,top^iport0_put~76,41,169
79,top^iport0_put~77,57,155
80,top^iport0_put~78,41,173
81,top^iport0_put~79,41,165
82,top^iport0_put~80,0,19
83,top^iport0_put~81,41,77
84,top^iport0_put~82,0,79
85,top^iport0_put~83,57,35
86,top^iport0_put~84,0,65
87,top^iport0_put~85,57,27
88,top^iport0_put~86,57,35
89,top^iport0_put~87,0,51
90,top^iport0_put~88,0,39
91,top^iport0_put~89,0,83
92,top^iport0_put~90,41,31
93,top^iport0_put~91,41,11
94,top^iport0_put~92,0,27
95,top^iport0_put~93,57,83
96,top^iport0_put~94,57,43
97,top^iport0_put~95,0,81
98,top^iport0_put~96,57,83
99,top^iport0_put~97,0,27
100,top^iport0_put~98,0,43
101,top^iport0_put~99,57,85
102,top^iport0_put~100,0,19
103,top^iport0_put~101,57,39
104,top^iport0_put~102,0,43
105,top^iport0_put~103,0,35
106,top^iport0_put~104,41,23
107,top^iport0_put~105,57,77
108,top^iport0_put~106,57,79
109,top^iport0_put~107,57,79
110,top^iport0_put~108,0,63
111,top^iport0_put~109,0,23
112,top^iport0_put~110,0,39
113,top^iport0_put~111,0,75
114,top^iport0_put~112,57,85
115,top^iport0_put~113,57,43
116,top^iport0_put~114,0,59
117,top^iport0_put~115,0,29
118,top^iport0_put~116,0,137
119,top^iport0_put~117,0,37
120,top^iport0_put~118,0,149
121,top^iport0_put~119,0,125
122,top^iport0_put~120,0,85
123,top^iport0_put~121,0,65
124,top^iport0_put~122,0,121
125,top^iport0_put~123,0,153
126,top^iport0_put~124,0,73
127,top^iport0_put~125,57,113
128,top^iport0_put~126,57,127
129,top^iport0_put~127,41,175
130,top^iport0_put~128,41,171
131,top^iport0_put~129,57,133
132,top^iport0_put~130,57,131
133,top^iport0_put~131,57,123
134,top^iport0_put~132,57,137
135,top^iport0_put~133,57,117
136,top^iport0_put~134,41,175
137,top^iport0_put~135,57,111
138,top^iport0_put~136,41,131
139,top^iport0_put~137,41,179
140,top^iport0_put~138,41,163
141,top^iport0_put~139,41,13
142,top^iport0_put~140,41,159
143,top^iport0_put~141,0,123
144,top^iport0_put~142,41,17
145,top^iport0_put~143,57,99
146,top^iport0_put~144,41,13
147,top^iport0_put~145,57,137
148,top^iport0_put~146,41,29
149,top^iport0_put~147,41,79
150,top^iport0_put~148,57,121
151,top^iport0_put~149,41,171
152,top^iport0_put~150,57,109
153,top^iport0_put~151,57,127
154,top^iport0_put~152,41,177
155,top^EN_iport0_put,0,115
156,top^iport1_put~0,0,137
157,top^iport1_put~1,57,103
158,top^iport1_put~2,0,129
159,top^iport1_put~3,0,37
160,top^iport1_put~4,0,119
161,top^iport1_put~5,0,125
162,top^iport1_put~6,0,45
163,top^iport1_put~7,0,29
164,top^iport1_put~8,0,33
165,top^iport1_put~9,57,45
166,top^iport1_put~10,57,25
167,top^iport1_put~11,0,53
168,top^iport1_put~12,0,77
169,top^iport1_put~13,0,49
170,top^iport1_put~14,57,27
171,top^iport1_put~15,0,25
172,top^iport1_put~16,0,57
173,top^iport1_put~17,57,29
174,top^iport1_put~18,57,47
175,top^iport1_put~19,0,41
176,top^iport1_put~20,0,49
177,top^iport1_put~21,41,9
178,top^iport1_put~22,0,71
179,top^iport1_put~23,41,5
180,top^iport1_put~24,0,25
181,top^iport1_put~25,0,67
182,top^iport1_put~26,41,167
183,top^iport1_put~27,41,123
184,top^iport1_put~28,57,155
185,top^iport1_put~29,57,145
186,top^iport1_put~30,41,183
187,top^iport1_put~31,41,35
188,top^iport1_put~32,41,145
189,top^iport1_put~33,41,129
190,top^iport1_put~34,41,139
191,top^iport1_put~35,57,51
192,top^iport1_put~36,57,111
193,top^iport1_put~37,57,139
194,top^iport1_put~38,41,161
195,top^iport1_put~39,57,119
196,top^iport1_put~40,41,141
197,top^iport1_put~41,57,151
198,top^iport1_put~42,57,133
199,top^iport1_put~43,41,165
200,top^iport1_put~44,57,167
201,top^iport1_put~45,41,167
202,top^iport1_put~46,41,23
203,top^iport1_put~47,57,135
204,top^iport1_put~48,57,151
205,top^iport1_put~49,57,125
206,top^iport1_put~50,57,141
207,top^iport1_put~51,41,129
208,top^iport1_put~52,57,115
209,top^iport1_put~53,57,145
210,top^iport1_put~54,57,149
211,top^iport1_put~55,41,127
212,top^iport1_put~56,57,129
213,top^iport1_put~57,41,183
214,top^iport1_put~58,57,129
215,top^iport1_put~59,41,153
216,top^iport1_put~60,0,151
217,top^iport1_put~61,57,135
218,top^iport1_put~62,57,143
219,top^iport1_put~63,0,157
220,top^iport1_put~64,41,151
221,top^iport1_put~65,0,159
222,top^iport1_put~66,57,159
223,top^iport1_put~67,0,145
224,top^iport1_put~68,41,127
225,top^iport1_put~69,41,147
226,top^iport1_put~70,41,135
227,top^iport1_put~71,0,155
228,top^iport1_put~72,57,101
229,top^iport1_put~73,57,163
230,top^iport1_put~74,41,147
231,top^iport1_put~75,0,143
232,top^iport1_put~76,57,105
233,top^iport1_put~77,57,143
234,top^iport1_put~78,0,127
235,top^iport1_put~79,0,147
236,top^iport1_put~80,57,115
237,top^iport1_put~81,0,159
238,top^iport1_put~82,0,143
239,top^iport1_put~83,0,131
240,top^iport1_put~84,0,135
241,top^iport1_put~85,41,159
242,top^iport1_put~86,41,135
243,top^iport1_put~87,0,123
244,top^iport1_put~88,41,133
245,top^iport1_put~89,0,151
246,top^iport1_put~90,0,131
247,top^iport1_put~91,57,109
248,top^iport1_put~92,57,147
249,top^iport1_put~93,41,151
250,top^iport1_put~94,57,159
251,top^iport1_put~95,41,121
252,top^iport1_put~96,0,135
253,top^iport1_put~97,41,143
254,top^iport1_put~98,57,77
255,top^iport1_put~99,57,33
256,top^iport1_put~100,41,15
257,top^iport1_put~101,0,79
258,top^iport1_put~102,57,37
259,top^iport1_put~103,41,19
260,top^iport1_put~104,0,23
261,top^iport1_put~105,0,55
262,top^iport1_put~106,41,21
263,top^iport1_put~107,0,81
264,top^iport1_put~108,57,47
265,top^iport1_put~109,0,15
266,top^iport1_put~110,41,25
267,top^iport1_put~111,57,39
268,top^iport1_put~112,0,35
269,top^iport1_put~113,57,41
270,top^iport1_put~114,0,31
271,top^iport1_put~115,57,81
272,top^iport1_put~116,57,53
273,top^iport1_put~117,57,31
274,top^iport1_put~118,57,53
275,top^iport1_put~119,0,47
276,top^iport1_put~120,57,37
277,top^iport1_put~121,57,51
278,top^iport1_put~122,0,75
279,top^iport1_put~123,57,49
280,top^iport1_put~124,0,31
281,top^iport1_put~125,57,33
282,top^iport1_put~126,57,49
283,top^iport1_put~127,0,55
284,top^iport1_put~128,0,15
285,top^iport1_put~129,0,47
286,top^iport1_put~130,57,81
287,top^iport1_put~131,0,71
288,top^iport1_put~132,41,19
289,top^iport1_put~133,57,45
290,top^iport1_put~134,57,25
291,top^iport1_put~135,57,41
292,top^iport1_put~136,0,51
293,top^iport1_put~137,41,17
294,top^iport1_put~138,0,53
295,top^iport1_put~139,57,29
296,top^iport1_put~140,41,15
297,top^iport1_put~141,57,31
298,top^iport1_put~142,41,5
299,top^iport1_put~143,41,9
300,top^iport1_put~144,0,45
301,top^iport1_put~145,0,41
302,top^iport1_put~146,0,33
303,top^iport1_put~147,0,17
304,top^iport1_put~148,0,69
305,top^iport1_put~149,41,11
306,top^iport1_put~150,41,25
307,top^iport1_put~151,0,57
308,top^iport1_put~152,0,121
309,top^EN_iport1_put,41,103
310,top^EN_oport_get,57,99
311,n1697,10201424,0
312,top.arSRLFIFO_a+fi0.generic_fifo_sc_a+fifo_1^FF_NODE~317,31,97
313,top^CLK_BUFG,52,121
314,n1707,10201424,0
315,top.arSRLFIFO_a+fi0.generic_fifo_sc_a+fifo_1^FF_NODE~400,31,98
316,n1712,1,0
317,top.arSRLFIFO_a+fi0.generic_fifo_sc_a+fifo_1^FF_NODE~379,31,97
318,n1717,10201104,0
319,top.arSRLFIFO_a+fi0.generic_fifo_sc_a+fifo_1^FF_NODE~421,32,95
320,n1722,0,0
321,top^FF_NODE~2324,34,96
322,n1727,10201424,0
323,top^FF_NODE~2323,32,96
324,n1732,35668544,0
325,top^FF_NODE~2325,32,95
326,n1737,10201424,0
327,top.arSRLFIFO_a+fi0.generic_fifo_sc_a+fifo_1^FF_NODE~338,31,97
328,n1742,4,0
329,top.arSRLFIFO_a+fi0.generic_fifo_sc_a+fifo_1^FF_NODE~339,31,97
330,n1747,35143008,0
331,top.arSRLFIFO_a+fi0.generic_fifo_sc_a+fifo_1^FF_NODE~340,31,97
332,n1752,10201424,0
333,top.arSRLFIFO_a+fi0.generic_fifo_sc_a+fifo_1^FF_NODE~341,31,98
334,n1792,1,0
335,top.arSRLFIFO_b+fi1.generic_fifo_sc_b+fifo_1^FF_NODE~826,32,96
336,n1797,35395184,0
337,top.arSRLFIFO_b+fi1.generic_fifo_sc_b+fifo_1^FF_NODE~909,31,96
338,n1807,4,0
339,top.arSRLFIFO_b+fi1.generic_fifo_sc_b+fifo_1^FF_NODE~867,32,97
340,n1812,35145024,0
341,top.arSRLFIFO_b+fi1.generic_fifo_sc_b+fifo_1^FF_NODE~888,32,98
342,n1817,35191456,0
343,top.arSRLFIFO_b+fi1.generic_fifo_sc_b+fifo_1^FF_NODE~827,31,96
344,n1822,10201424,0
345,top.arSRLFIFO_b+fi1.generic_fifo_sc_b+fifo_1^FF_NODE~828,31,96
346,n1827,0,0
347,top.arSRLFIFO_b+fi1.generic_fifo_sc_b+fifo_1^FF_NODE~829,32,98
348,n1867,35209632,0
349,top.arSRLFIFO_c+fo.generic_fifo_sc_c+fifo_1^FF_NODE~1293,30,96
350,n1877,35207616,0
351,top.arSRLFIFO_c+fo.generic_fifo_sc_c+fifo_1^FF_NODE~1376,32,95
352,n1882,35399216,0
353,top.arSRLFIFO_c+fo.generic_fifo_sc_c+fifo_1^FF_NODE~1355,31,95
354,n1887,10201104,0
355,top.arSRLFIFO_c+fo.generic_fifo_sc_c+fifo_1^FF_NODE~1397,30,95
356,n1892,35308368,0
357,top.arSRLFIFO_c+fo.generic_fifo_sc_c+fifo_1^FF_NODE~1294,30,96
358,n1897,10201104,0
359,top.arSRLFIFO_c+fo.generic_fifo_sc_c+fifo_1^FF_NODE~1295,30,96
360,n1902,0,0
361,top.arSRLFIFO_c+fo.generic_fifo_sc_c+fifo_1^FF_NODE~1296,30,96
362,n1942,35310384,0
363,top.arSRLFIFO_a+fi0.generic_fifo_sc_a+fifo_1^FF_NODE~318,31,94
364,n1947,10201104,0
365,top.arSRLFIFO_a+fi0.generic_fifo_sc_a+fifo_1^FF_NODE~319,31,94
366,n1952,0,0
367,top.arSRLFIFO_a+fi0.generic_fifo_sc_a+fifo_1^FF_NODE~320,31,94
368,n1957,35405264,0
369,top.arSRLFIFO_b+fi1.generic_fifo_sc_b+fifo_1^FF_NODE~805,32,96
370,n1962,10201104,0
371,top.arSRLFIFO_b+fi1.generic_fifo_sc_b+fifo_1^FF_NODE~806,32,98
372,n1967,0,0
373,top.arSRLFIFO_b+fi1.generic_fifo_sc_b+fifo_1^FF_NODE~807,32,98
374,n1972,35401232,0
375,top.arSRLFIFO_b+fi1.generic_fifo_sc_b+fifo_1^FF_NODE~808,32,98
376,n1977,10201104,0
377,top.arSRLFIFO_c+fo.generic_fifo_sc_c+fifo_1^FF_NODE~1314,30,95
378,n1982,0,0
379,top.arSRLFIFO_c+fo.generic_fifo_sc_c+fifo_1^FF_NODE~1315,30,95
380,n1987,35391136,0
381,top.arSRLFIFO_c+fo.generic_fifo_sc_c+fifo_1^FF_NODE~1316,30,95
382,n1992,10201104,0
383,top.arSRLFIFO_c+fo.generic_fifo_sc_c+fifo_1^FF_NODE~1317,30,95
385,top.arSRLFIFO_a+fi0.generic_fifo_sc_a+fifo_1.dual_port_ram+ram1^out1~152,36,106
386,top^MULTI_PORT_MUX~1660^MUX_2~2646,26,106
387,top^LOGICAL_OR~2307^LOGICAL_OR~4369,32,95
388,top.arSRLFIFO_c+fo.generic_fifo_sc_c+fifo_1.dual_port_ram+ram1^out1~152,25,96
389,top^MULTI_PORT_MUX~1660^MUX_2~2494,32,96
390,top.arSRLFIFO_c+fo.generic_fifo_sc_c+fifo_1.dual_port_ram+ram1^out1~0,25,96
391,top^MULTI_PORT_MUX~1660^MUX_2~2495,34,96
392,top.arSRLFIFO_c+fo.generic_fifo_sc_c+fifo_1.dual_port_ram+ram1^out1~1,25,96
393,top^MULTI_PORT_MUX~1660^MUX_2~2496,32,96
394,top.arSRLFIFO_c+fo.generic_fifo_sc_c+fifo_1.dual_port_ram+ram1^out1~2,36,71
395,top^MULTI_PORT_MUX~1660^MUX_2~2497,35,96
396,top.arSRLFIFO_c+fo.generic_fifo_sc_c+fifo_1.dual_port_ram+ram1^out1~3,25,96
397,top^MULTI_PORT_MUX~1660^MUX_2~2498,34,96
398,top.arSRLFIFO_c+fo.generic_fifo_sc_c+fifo_1.dual_port_ram+ram1^out1~4,25,96
399,top^MULTI_PORT_MUX~1660^MUX_2~2499,35,98
400,top.arSRLFIFO_c+fo.generic_fifo_sc_c+fifo_1.dual_port_ram+ram1^out1~5,25,96
401,top^MULTI_PORT_MUX~1660^MUX_2~2500,34,96
402,top.arSRLFIFO_c+fo.generic_fifo_sc_c+fifo_1.dual_port_ram+ram1^out1~6,25,96
403,top^MULTI_PORT_MUX~1660^MUX_2~2501,34,86
404,top.arSRLFIFO_c+fo.generic_fifo_sc_c+fifo_1.dual_port_ram+ram1^out1~7,25,96
405,top^MULTI_PORT_MUX~1660^MUX_2~2502,26,106
406,top.arSRLFIFO_c+fo.generic_fifo_sc_c+fifo_1.dual_port_ram+ram1^out1~8,25,96
407,top^MULTI_PORT_MUX~1660^MUX_2~2503,34,96
408,top.arSRLFIFO_c+fo.generic_fifo_sc_c+fifo_1.dual_port_ram+ram1^out1~9,36,71
409,top^MULTI_PORT_MUX~1660^MUX_2~2504,34,78
410,top.arSRLFIFO_c+fo.generic_fifo_sc_c+fifo_1.dual_port_ram+ram1^out1~10,36,71
411,top^MULTI_PORT_MUX~1660^MUX_2~2505,35,86
412,top.arSRLFIFO_c+fo.generic_fifo_sc_c+fifo_1.dual_port_ram+ram1^out1~11,36,71
413,top^MULTI_PORT_MUX~1660^MUX_2~2506,35,78
414,top.arSRLFIFO_c+fo.generic_fifo_sc_c+fifo_1.dual_port_ram+ram1^out1~12,36,71
415,top^MULTI_PORT_MUX~1660^MUX_2~2507,34,103
416,top.arSRLFIFO_c+fo.generic_fifo_sc_c+fifo_1.dual_port_ram+ram1^out1~13,36,71
417,top^MULTI_PORT_MUX~1660^MUX_2~2508,35,80
418,top.arSRLFIFO_c+fo.generic_fifo_sc_c+fifo_1.dual_port_ram+ram1^out1~14,36,61
419,top^MULTI_PORT_MUX~1660^MUX_2~2509,37,95
420,top.arSRLFIFO_c+fo.generic_fifo_sc_c+fifo_1.dual_port_ram+ram1^out1~15,36,71
421,top^MULTI_PORT_MUX~1660^MUX_2~2510,35,78
422,top.arSRLFIFO_c+fo.generic_fifo_sc_c+fifo_1.dual_port_ram+ram1^out1~16,36,71
423,top^MULTI_PORT_MUX~1660^MUX_2~2511,35,78
424,top.arSRLFIFO_c+fo.generic_fifo_sc_c+fifo_1.dual_port_ram+ram1^out1~17,36,71
425,top^MULTI_PORT_MUX~1660^MUX_2~2512,34,101
426,top.arSRLFIFO_c+fo.generic_fifo_sc_c+fifo_1.dual_port_ram+ram1^out1~18,36,71
427,top^MULTI_PORT_MUX~1660^MUX_2~2513,35,78
428,top.arSRLFIFO_c+fo.generic_fifo_sc_c+fifo_1.dual_port_ram+ram1^out1~19,36,71
429,top^MULTI_PORT_MUX~1660^MUX_2~2514,35,78
430,top.arSRLFIFO_c+fo.generic_fifo_sc_c+fifo_1.dual_port_ram+ram1^out1~20,36,71
431,top^MULTI_PORT_MUX~1660^MUX_2~2515,34,78
432,top.arSRLFIFO_c+fo.generic_fifo_sc_c+fifo_1.dual_port_ram+ram1^out1~21,36,71
433,top^MULTI_PORT_MUX~1660^MUX_2~2516,34,78
434,top.arSRLFIFO_c+fo.generic_fifo_sc_c+fifo_1.dual_port_ram+ram1^out1~22,36,71
435,top^MULTI_PORT_MUX~1660^MUX_2~2517,34,78
436,top.arSRLFIFO_c+fo.generic_fifo_sc_c+fifo_1.dual_port_ram+ram1^out1~23,36,71
437,top^MULTI_PORT_MUX~1660^MUX_2~2518,35,86
438,top.arSRLFIFO_c+fo.generic_fifo_sc_c+fifo_1.dual_port_ram+ram1^out1~24,36,71
439,top^MULTI_PORT_MUX~1660^MUX_2~2519,35,86
440,top.arSRLFIFO_c+fo.generic_fifo_sc_c+fifo_1.dual_port_ram+ram1^out1~25,36,71
441,top^MULTI_PORT_MUX~1660^MUX_2~2520,26,101
442,top.arSRLFIFO_c+fo.generic_fifo_sc_c+fifo_1.dual_port_ram+ram1^out1~26,36,91
443,top^MULTI_PORT_MUX~1660^MUX_2~2521,34,96
444,top.arSRLFIFO_c+fo.generic_fifo_sc_c+fifo_1.dual_port_ram+ram1^out1~27,36,91
445,top^MULTI_PORT_MUX~1660^MUX_2~2522,34,96
446,top.arSRLFIFO_c+fo.generic_fifo_sc_c+fifo_1.dual_port_ram+ram1^out1~28,36,91
447,top^MULTI_PORT_MUX~1660^MUX_2~2523,34,96
448,top.arSRLFIFO_c+fo.generic_fifo_sc_c+fifo_1.dual_port_ram+ram1^out1~29,36,91
449,top^MULTI_PORT_MUX~1660^MUX_2~2524,34,96
450,top.arSRLFIFO_c+fo.generic_fifo_sc_c+fifo_1.dual_port_ram+ram1^out1~30,36,91
451,top^MULTI_PORT_MUX~1660^MUX_2~2525,34,96
452,top.arSRLFIFO_c+fo.generic_fifo_sc_c+fifo_1.dual_port_ram+ram1^out1~31,36,91
453,top^MULTI_PORT_MUX~1660^MUX_2~2526,34,96
454,top.arSRLFIFO_c+fo.generic_fifo_sc_c+fifo_1.dual_port_ram+ram1^out1~32,36,91
455,top^MULTI_PORT_MUX~1660^MUX_2~2527,34,96
456,top.arSRLFIFO_c+fo.generic_fifo_sc_c+fifo_1.dual_port_ram+ram1^out1~33,36,91
457,top^MULTI_PORT_MUX~1660^MUX_2~2528,35,95
458,top.arSRLFIFO_c+fo.generic_fifo_sc_c+fifo_1.dual_port_ram+ram1^out1~34,36,91
459,top^MULTI_PORT_MUX~1660^MUX_2~2529,35,95
460,top.arSRLFIFO_c+fo.generic_fifo_sc_c+fifo_1.dual_port_ram+ram1^out1~35,36,91
461,top^MULTI_PORT_MUX~1660^MUX_2~2530,35,95
462,top.arSRLFIFO_c+fo.generic_fifo_sc_c+fifo_1.dual_port_ram+ram1^out1~36,36,91
463,top^MULTI_PORT_MUX~1660^MUX_2~2531,35,91
464,top.arSRLFIFO_c+fo.generic_fifo_sc_c+fifo_1.dual_port_ram+ram1^out1~37,36,91
465,top^MULTI_PORT_MUX~1660^MUX_2~2532,35,91
466,top.arSRLFIFO_c+fo.generic_fifo_sc_c+fifo_1.dual_port_ram+ram1^out1~38,36,91
467,top^MULTI_PORT_MUX~1660^MUX_2~2533,35,91
468,top.arSRLFIFO_c+fo.generic_fifo_sc_c+fifo_1.dual_port_ram+ram1^out1~39,36,91
469,top^MULTI_PORT_MUX~1660^MUX_2~2534,34,94
470,top.arSRLFIFO_c+fo.generic_fifo_sc_c+fifo_1.dual_port_ram+ram1^out1~40,36,91
471,top^MULTI_PORT_MUX~1660^MUX_2~2535,34,94
472,top.arSRLFIFO_c+fo.generic_fifo_sc_c+fifo_1.dual_port_ram+ram1^out1~41,36,91
473,top^MULTI_PORT_MUX~1660^MUX_2~2536,34,94
474,top.arSRLFIFO_c+fo.generic_fifo_sc_c+fifo_1.dual_port_ram+ram1^out1~42,36,91
475,top^MULTI_PORT_MUX~1660^MUX_2~2537,35,86
476,top.arSRLFIFO_c+fo.generic_fifo_sc_c+fifo_1.dual_port_ram+ram1^out1~43,36,91
477,top^MULTI_PORT_MUX~1660^MUX_2~2538,37,95
478,top.arSRLFIFO_c+fo.generic_fifo_sc_c+fifo_1.dual_port_ram+ram1^out1~44,36,91
479,top^MULTI_PORT_MUX~1660^MUX_2~2539,37,95
480,top.arSRLFIFO_c+fo.generic_fifo_sc_c+fifo_1.dual_port_ram+ram1^out1~45,36,91
481,top^MULTI_PORT_MUX~1660^MUX_2~2540,37,95
482,top.arSRLFIFO_c+fo.generic_fifo_sc_c+fifo_1.dual_port_ram+ram1^out1~46,36,91
483,top^MULTI_PORT_MUX~1660^MUX_2~2541,35,102
484,top.arSRLFIFO_c+fo.generic_fifo_sc_c+fifo_1.dual_port_ram+ram1^out1~47,36,91
485,top^MULTI_PORT_MUX~1660^MUX_2~2542,35,102
486,top.arSRLFIFO_c+fo.generic_fifo_sc_c+fifo_1.dual_port_ram+ram1^out1~48,36,91
487,top^MULTI_PORT_MUX~1660^MUX_2~2543,35,102
488,top.arSRLFIFO_c+fo.generic_fifo_sc_c+fifo_1.dual_port_ram+ram1^out1~49,36,91
489,top^MULTI_PORT_MUX~1660^MUX_2~2544,35,104
490,top.arSRLFIFO_c+fo.generic_fifo_sc_c+fifo_1.dual_port_ram+ram1^out1~50,36,91
491,top^MULTI_PORT_MUX~1660^MUX_2~2545,35,104
492,top.arSRLFIFO_c+fo.generic_fifo_sc_c+fifo_1.dual_port_ram+ram1^out1~51,36,91
493,top^MULTI_PORT_MUX~1660^MUX_2~2546,35,104
494,top.arSRLFIFO_c+fo.generic_fifo_sc_c+fifo_1.dual_port_ram+ram1^out1~52,36,91
495,top^MULTI_PORT_MUX~1660^MUX_2~2547,35,106
496,top.arSRLFIFO_c+fo.generic_fifo_sc_c+fifo_1.dual_port_ram+ram1^out1~53,36,91
497,top^MULTI_PORT_MUX~1660^MUX_2~2548,35,96
498,top.arSRLFIFO_c+fo.generic_fifo_sc_c+fifo_1.dual_port_ram+ram1^out1~54,36,91
499,top^MULTI_PORT_MUX~1660^MUX_2~2549,35,96
500,top.arSRLFIFO_c+fo.generic_fifo_sc_c+fifo_1.dual_port_ram+ram1^out1~55,36,91
501,top^MULTI_PORT_MUX~1660^MUX_2~2550,35,96
502,top.arSRLFIFO_c+fo.generic_fifo_sc_c+fifo_1.dual_port_ram+ram1^out1~56,36,91
503,top^MULTI_PORT_MUX~1660^MUX_2~2551,34,86
504,top.arSRLFIFO_c+fo.generic_fifo_sc_c+fifo_1.dual_port_ram+ram1^out1~57,36,91
505,top^MULTI_PORT_MUX~1660^MUX_2~2552,35,98
506,top.arSRLFIFO_c+fo.generic_fifo_sc_c+fifo_1.dual_port_ram+ram1^out1~58,36,91
507,top^MULTI_PORT_MUX~1660^MUX_2~2553,35,98
508,top.arSRLFIFO_c+fo.generic_fifo_sc_c+fifo_1.dual_port_ram+ram1^out1~59,36,91
509,top^MULTI_PORT_MUX~1660^MUX_2~2554,35,98
510,top.arSRLFIFO_c+fo.generic_fifo_sc_c+fifo_1.dual_port_ram+ram1^out1~60,36,91
511,top^MULTI_PORT_MUX~1660^MUX_2~2555,35,106
512,top.arSRLFIFO_c+fo.generic_fifo_sc_c+fifo_1.dual_port_ram+ram1^out1~61,25,106
513,top^MULTI_PORT_MUX~1660^MUX_2~2556,26,106
514,top.arSRLFIFO_c+fo.generic_fifo_sc_c+fifo_1.dual_port_ram+ram1^out1~62,25,106
515,top^MULTI_PORT_MUX~1660^MUX_2~2557,26,106
516,top.arSRLFIFO_c+fo.generic_fifo_sc_c+fifo_1.dual_port_ram+ram1^out1~63,25,106
517,top^MULTI_PORT_MUX~1660^MUX_2~2558,26,106
518,top.arSRLFIFO_c+fo.generic_fifo_sc_c+fifo_1.dual_port_ram+ram1^out1~64,25,106
519,top^MULTI_PORT_MUX~1660^MUX_2~2559,35,106
520,top.arSRLFIFO_c+fo.generic_fifo_sc_c+fifo_1.dual_port_ram+ram1^out1~65,25,106
521,top^MULTI_PORT_MUX~1660^MUX_2~2560,34,101
522,top.arSRLFIFO_c+fo.generic_fifo_sc_c+fifo_1.dual_port_ram+ram1^out1~66,25,106
523,top^MULTI_PORT_MUX~1660^MUX_2~2561,34,101
524,top.arSRLFIFO_c+fo.generic_fifo_sc_c+fifo_1.dual_port_ram+ram1^out1~67,25,106
525,top^MULTI_PORT_MUX~1660^MUX_2~2562,34,101
526,top.arSRLFIFO_c+fo.generic_fifo_sc_c+fifo_1.dual_port_ram+ram1^out1~68,25,106
527,top^MULTI_PORT_MUX~1660^MUX_2~2563,34,101
528,top.arSRLFIFO_c+fo.generic_fifo_sc_c+fifo_1.dual_port_ram+ram1^out1~69,25,106
529,top^MULTI_PORT_MUX~1660^MUX_2~2564,34,101
530,top.arSRLFIFO_c+fo.generic_fifo_sc_c+fifo_1.dual_port_ram+ram1^out1~70,25,106
531,top^MULTI_PORT_MUX~1660^MUX_2~2565,34,101
532,top.arSRLFIFO_c+fo.generic_fifo_sc_c+fifo_1.dual_port_ram+ram1^out1~71,25,106
533,top^MULTI_PORT_MUX~1660^MUX_2~2566,34,88
534,top.arSRLFIFO_c+fo.generic_fifo_sc_c+fifo_1.dual_port_ram+ram1^out1~72,25,106
535,top^MULTI_PORT_MUX~1660^MUX_2~2567,26,106
536,top.arSRLFIFO_c+fo.generic_fifo_sc_c+fifo_1.dual_port_ram+ram1^out1~73,25,106
537,top^MULTI_PORT_MUX~1660^MUX_2~2568,26,106
538,top.arSRLFIFO_c+fo.generic_fifo_sc_c+fifo_1.dual_port_ram+ram1^out1~74,25,106
539,top^MULTI_PORT_MUX~1660^MUX_2~2569,26,106
540,top.arSRLFIFO_c+fo.generic_fifo_sc_c+fifo_1.dual_port_ram+ram1^out1~75,25,106
541,top^MULTI_PORT_MUX~1660^MUX_2~2570,35,106
542,top.arSRLFIFO_c+fo.generic_fifo_sc_c+fifo_1.dual_port_ram+ram1^out1~76,25,106
543,top^MULTI_PORT_MUX~1660^MUX_2~2571,34,103
544,top.arSRLFIFO_c+fo.generic_fifo_sc_c+fifo_1.dual_port_ram+ram1^out1~77,25,106
545,top^MULTI_PORT_MUX~1660^MUX_2~2572,34,103
546,top.arSRLFIFO_c+fo.generic_fifo_sc_c+fifo_1.dual_port_ram+ram1^out1~78,25,106
547,top^MULTI_PORT_MUX~1660^MUX_2~2573,34,103
548,top.arSRLFIFO_c+fo.generic_fifo_sc_c+fifo_1.dual_port_ram+ram1^out1~79,25,106
549,top^MULTI_PORT_MUX~1660^MUX_2~2574,26,100
550,top.arSRLFIFO_c+fo.generic_fifo_sc_c+fifo_1.dual_port_ram+ram1^out1~80,25,106
551,top^MULTI_PORT_MUX~1660^MUX_2~2575,35,102
552,top.arSRLFIFO_c+fo.generic_fifo_sc_c+fifo_1.dual_port_ram+ram1^out1~81,25,106
553,top^MULTI_PORT_MUX~1660^MUX_2~2576,26,100
554,top.arSRLFIFO_c+fo.generic_fifo_sc_c+fifo_1.dual_port_ram+ram1^out1~82,25,106
555,top^MULTI_PORT_MUX~1660^MUX_2~2577,26,100
556,top.arSRLFIFO_c+fo.generic_fifo_sc_c+fifo_1.dual_port_ram+ram1^out1~83,36,91
557,top^MULTI_PORT_MUX~1660^MUX_2~2578,26,105
558,top.arSRLFIFO_c+fo.generic_fifo_sc_c+fifo_1.dual_port_ram+ram1^out1~84,25,106
559,top^MULTI_PORT_MUX~1660^MUX_2~2579,35,104
560,top.arSRLFIFO_c+fo.generic_fifo_sc_c+fifo_1.dual_port_ram+ram1^out1~85,25,106
561,top^MULTI_PORT_MUX~1660^MUX_2~2580,26,100
562,top.arSRLFIFO_c+fo.generic_fifo_sc_c+fifo_1.dual_port_ram+ram1^out1~86,25,106
563,top^MULTI_PORT_MUX~1660^MUX_2~2581,26,105
564,top.arSRLFIFO_c+fo.generic_fifo_sc_c+fifo_1.dual_port_ram+ram1^out1~87,25,106
565,top^MULTI_PORT_MUX~1660^MUX_2~2582,26,105
566,top.arSRLFIFO_c+fo.generic_fifo_sc_c+fifo_1.dual_port_ram+ram1^out1~88,25,106
567,top^MULTI_PORT_MUX~1660^MUX_2~2583,26,87
568,top.arSRLFIFO_c+fo.generic_fifo_sc_c+fifo_1.dual_port_ram+ram1^out1~89,25,106
569,top^MULTI_PORT_MUX~1660^MUX_2~2584,26,87
570,top.arSRLFIFO_c+fo.generic_fifo_sc_c+fifo_1.dual_port_ram+ram1^out1~90,25,106
571,top^MULTI_PORT_MUX~1660^MUX_2~2585,26,87
572,top.arSRLFIFO_c+fo.generic_fifo_sc_c+fifo_1.dual_port_ram+ram1^out1~91,25,106
573,top^MULTI_PORT_MUX~1660^MUX_2~2586,32,87
574,top.arSRLFIFO_c+fo.generic_fifo_sc_c+fifo_1.dual_port_ram+ram1^out1~92,25,106
575,top^MULTI_PORT_MUX~1660^MUX_2~2587,26,101
576,top.arSRLFIFO_c+fo.generic_fifo_sc_c+fifo_1.dual_port_ram+ram1^out1~93,25,106
577,top^MULTI_PORT_MUX~1660^MUX_2~2588,26,105
578,top.arSRLFIFO_c+fo.generic_fifo_sc_c+fifo_1.dual_port_ram+ram1^out1~94,25,106
579,top^MULTI_PORT_MUX~1660^MUX_2~2589,26,101
580,top.arSRLFIFO_c+fo.generic_fifo_sc_c+fifo_1.dual_port_ram+ram1^out1~95,25,106
581,top^MULTI_PORT_MUX~1660^MUX_2~2590,26,101
582,top.arSRLFIFO_c+fo.generic_fifo_sc_c+fifo_1.dual_port_ram+ram1^out1~96,25,106
583,top^MULTI_PORT_MUX~1660^MUX_2~2591,34,94
584,top.arSRLFIFO_c+fo.generic_fifo_sc_c+fifo_1.dual_port_ram+ram1^out1~97,36,71
585,top^MULTI_PORT_MUX~1660^MUX_2~2592,26,87
586,top.arSRLFIFO_c+fo.generic_fifo_sc_c+fifo_1.dual_port_ram+ram1^out1~98,36,61
587,top^MULTI_PORT_MUX~1660^MUX_2~2593,34,86
588,top.arSRLFIFO_c+fo.generic_fifo_sc_c+fifo_1.dual_port_ram+ram1^out1~99,36,61
589,top^MULTI_PORT_MUX~1660^MUX_2~2594,35,80
590,top.arSRLFIFO_c+fo.generic_fifo_sc_c+fifo_1.dual_port_ram+ram1^out1~100,36,61
591,top^MULTI_PORT_MUX~1660^MUX_2~2595,35,80
592,top.arSRLFIFO_c+fo.generic_fifo_sc_c+fifo_1.dual_port_ram+ram1^out1~101,36,61
593,top^MULTI_PORT_MUX~1660^MUX_2~2596,35,80
594,top.arSRLFIFO_c+fo.generic_fifo_sc_c+fifo_1.dual_port_ram+ram1^out1~102,36,61
595,top^MULTI_PORT_MUX~1660^MUX_2~2597,34,86
596,top.arSRLFIFO_c+fo.generic_fifo_sc_c+fifo_1.dual_port_ram+ram1^out1~103,36,61
597,top^MULTI_PORT_MUX~1660^MUX_2~2598,34,86
598,top.arSRLFIFO_c+fo.generic_fifo_sc_c+fifo_1.dual_port_ram+ram1^out1~104,36,61
599,top^MULTI_PORT_MUX~1660^MUX_2~2599,34,86
600,top.arSRLFIFO_c+fo.generic_fifo_sc_c+fifo_1.dual_port_ram+ram1^out1~105,36,61
601,top^MULTI_PORT_MUX~1660^MUX_2~2600,34,86
602,top.arSRLFIFO_c+fo.generic_fifo_sc_c+fifo_1.dual_port_ram+ram1^out1~106,36,61
603,top^MULTI_PORT_MUX~1660^MUX_2~2601,34,84
604,top.arSRLFIFO_c+fo.generic_fifo_sc_c+fifo_1.dual_port_ram+ram1^out1~107,36,61
605,top^MULTI_PORT_MUX~1660^MUX_2~2602,34,84
606,top.arSRLFIFO_c+fo.generic_fifo_sc_c+fifo_1.dual_port_ram+ram1^out1~108,36,61
607,top^MULTI_PORT_MUX~1660^MUX_2~2603,34,84
608,top.arSRLFIFO_c+fo.generic_fifo_sc_c+fifo_1.dual_port_ram+ram1^out1~109,36,61
609,top^MULTI_PORT_MUX~1660^MUX_2~2604,34,86
610,top.arSRLFIFO_c+fo.generic_fifo_sc_c+fifo_1.dual_port_ram+ram1^out1~110,36,61
611,top^MULTI_PORT_MUX~1660^MUX_2~2605,34,88
612,top.arSRLFIFO_c+fo.generic_fifo_sc_c+fifo_1.dual_port_ram+ram1^out1~111,36,61
613,top^MULTI_PORT_MUX~1660^MUX_2~2606,34,88
614,top.arSRLFIFO_c+fo.generic_fifo_sc_c+fifo_1.dual_port_ram+ram1^out1~112,36,61
615,top^MULTI_PORT_MUX~1660^MUX_2~2607,34,88
616,top.arSRLFIFO_c+fo.generic_fifo_sc_c+fifo_1.dual_port_ram+ram1^out1~113,36,61
617,top^MULTI_PORT_MUX~1660^MUX_2~2608,34,85
618,top.arSRLFIFO_c+fo.generic_fifo_sc_c+fifo_1.dual_port_ram+ram1^out1~114,36,61
619,top^MULTI_PORT_MUX~1660^MUX_2~2609,34,85
620,top.arSRLFIFO_c+fo.generic_fifo_sc_c+fifo_1.dual_port_ram+ram1^out1~115,36,61
621,top^MULTI_PORT_MUX~1660^MUX_2~2610,34,85
622,top.arSRLFIFO_c+fo.generic_fifo_sc_c+fifo_1.dual_port_ram+ram1^out1~116,36,61
623,top^MULTI_PORT_MUX~1660^MUX_2~2611,34,85
624,top.arSRLFIFO_c+fo.generic_fifo_sc_c+fifo_1.dual_port_ram+ram1^out1~117,36,61
625,top^MULTI_PORT_MUX~1660^MUX_2~2612,34,84
626,top.arSRLFIFO_c+fo.generic_fifo_sc_c+fifo_1.dual_port_ram+ram1^out1~118,36,61
627,top^MULTI_PORT_MUX~1660^MUX_2~2613,34,85
628,top.arSRLFIFO_c+fo.generic_fifo_sc_c+fifo_1.dual_port_ram+ram1^out1~119,36,61
629,top^MULTI_PORT_MUX~1660^MUX_2~2614,34,101
630,top.arSRLFIFO_c+fo.generic_fifo_sc_c+fifo_1.dual_port_ram+ram1^out1~120,36,61
631,top^MULTI_PORT_MUX~1660^MUX_2~2615,34,85
632,top.arSRLFIFO_c+fo.generic_fifo_sc_c+fifo_1.dual_port_ram+ram1^out1~121,36,61
633,top^MULTI_PORT_MUX~1660^MUX_2~2616,34,85
634,top.arSRLFIFO_c+fo.generic_fifo_sc_c+fifo_1.dual_port_ram+ram1^out1~122,36,61
635,top^MULTI_PORT_MUX~1660^MUX_2~2617,34,85
636,top.arSRLFIFO_c+fo.generic_fifo_sc_c+fifo_1.dual_port_ram+ram1^out1~123,36,61
637,top^MULTI_PORT_MUX~1660^MUX_2~2618,38,84
638,top.arSRLFIFO_c+fo.generic_fifo_sc_c+fifo_1.dual_port_ram+ram1^out1~124,36,61
639,top^MULTI_PORT_MUX~1660^MUX_2~2619,38,84
640,top.arSRLFIFO_c+fo.generic_fifo_sc_c+fifo_1.dual_port_ram+ram1^out1~125,36,61
641,top^MULTI_PORT_MUX~1660^MUX_2~2620,38,84
642,top.arSRLFIFO_c+fo.generic_fifo_sc_c+fifo_1.dual_port_ram+ram1^out1~126,36,61
643,top^MULTI_PORT_MUX~1660^MUX_2~2621,34,84
644,top.arSRLFIFO_c+fo.generic_fifo_sc_c+fifo_1.dual_port_ram+ram1^out1~127,36,61
645,top^MULTI_PORT_MUX~1660^MUX_2~2622,38,84
646,top.arSRLFIFO_c+fo.generic_fifo_sc_c+fifo_1.dual_port_ram+ram1^out1~128,36,61
647,top^MULTI_PORT_MUX~1660^MUX_2~2623,34,84
648,top.arSRLFIFO_c+fo.generic_fifo_sc_c+fifo_1.dual_port_ram+ram1^out1~129,36,61
649,top^MULTI_PORT_MUX~1660^MUX_2~2624,34,84
650,top.arSRLFIFO_c+fo.generic_fifo_sc_c+fifo_1.dual_port_ram+ram1^out1~130,36,61
651,top^MULTI_PORT_MUX~1660^MUX_2~2625,34,84
652,top.arSRLFIFO_c+fo.generic_fifo_sc_c+fifo_1.dual_port_ram+ram1^out1~131,36,61
653,top^MULTI_PORT_MUX~1660^MUX_2~2626,35,84
654,top.arSRLFIFO_c+fo.generic_fifo_sc_c+fifo_1.dual_port_ram+ram1^out1~132,36,61
655,top^MULTI_PORT_MUX~1660^MUX_2~2627,35,84
656,top.arSRLFIFO_c+fo.generic_fifo_sc_c+fifo_1.dual_port_ram+ram1^out1~133,36,71
657,top^MULTI_PORT_MUX~1660^MUX_2~2628,35,84
658,top.arSRLFIFO_c+fo.generic_fifo_sc_c+fifo_1.dual_port_ram+ram1^out1~134,25,106
659,top^MULTI_PORT_MUX~1660^MUX_2~2629,35,84
660,top.arSRLFIFO_c+fo.generic_fifo_sc_c+fifo_1.dual_port_ram+ram1^out1~135,36,71
661,top^MULTI_PORT_MUX~1660^MUX_2~2630,35,77
662,top.arSRLFIFO_c+fo.generic_fifo_sc_c+fifo_1.dual_port_ram+ram1^out1~136,36,71
663,top^MULTI_PORT_MUX~1660^MUX_2~2631,35,77
664,top.arSRLFIFO_c+fo.generic_fifo_sc_c+fifo_1.dual_port_ram+ram1^out1~137,36,71
665,top^MULTI_PORT_MUX~1660^MUX_2~2632,35,77
666,top.arSRLFIFO_c+fo.generic_fifo_sc_c+fifo_1.dual_port_ram+ram1^out1~138,36,71
667,top^MULTI_PORT_MUX~1660^MUX_2~2633,35,80
668,top.arSRLFIFO_c+fo.generic_fifo_sc_c+fifo_1.dual_port_ram+ram1^out1~139,36,71
669,top^MULTI_PORT_MUX~1660^MUX_2~2634,35,80
670,top.arSRLFIFO_c+fo.generic_fifo_sc_c+fifo_1.dual_port_ram+ram1^out1~140,36,71
671,top^MULTI_PORT_MUX~1660^MUX_2~2635,35,95
672,top.arSRLFIFO_c+fo.generic_fifo_sc_c+fifo_1.dual_port_ram+ram1^out1~141,36,71
673,top^MULTI_PORT_MUX~1660^MUX_2~2636,35,80
674,top.arSRLFIFO_c+fo.generic_fifo_sc_c+fifo_1.dual_port_ram+ram1^out1~142,36,71
675,top^MULTI_PORT_MUX~1660^MUX_2~2637,32,87
676,top.arSRLFIFO_c+fo.generic_fifo_sc_c+fifo_1.dual_port_ram+ram1^out1~143,36,71
677,top^MULTI_PORT_MUX~1660^MUX_2~2638,35,91
678,top.arSRLFIFO_c+fo.generic_fifo_sc_c+fifo_1.dual_port_ram+ram1^out1~144,36,71
679,top^MULTI_PORT_MUX~1660^MUX_2~2639,35,77
680,top.arSRLFIFO_c+fo.generic_fifo_sc_c+fifo_1.dual_port_ram+ram1^out1~145,36,71
681,top^MULTI_PORT_MUX~1660^MUX_2~2640,35,78
682,top.arSRLFIFO_c+fo.generic_fifo_sc_c+fifo_1.dual_port_ram+ram1^out1~146,36,71
683,top^MULTI_PORT_MUX~1660^MUX_2~2641,35,78
684,top.arSRLFIFO_c+fo.generic_fifo_sc_c+fifo_1.dual_port_ram+ram1^out1~147,36,71
685,top^MULTI_PORT_MUX~1660^MUX_2~2642,35,78
686,top.arSRLFIFO_c+fo.generic_fifo_sc_c+fifo_1.dual_port_ram+ram1^out1~148,36,71
687,top^MULTI_PORT_MUX~1660^MUX_2~2643,35,80
688,top.arSRLFIFO_c+fo.generic_fifo_sc_c+fifo_1.dual_port_ram+ram1^out1~149,36,71
689,top^MULTI_PORT_MUX~1660^MUX_2~2644,32,87
690,top.arSRLFIFO_c+fo.generic_fifo_sc_c+fifo_1.dual_port_ram+ram1^out1~150,36,71
691,top^MULTI_PORT_MUX~1660^MUX_2~2645,32,87
692,top.arSRLFIFO_c+fo.generic_fifo_sc_c+fifo_1.dual_port_ram+ram1^out1~151,36,71
693,top.arSRLFIFO_a+fi0.generic_fifo_sc_a+fifo_1.dual_port_ram+ram1^out1~0,36,111
694,top.arSRLFIFO_a+fi0.generic_fifo_sc_a+fifo_1.dual_port_ram+ram1^out1~1,36,111
695,top.arSRLFIFO_a+fi0.generic_fifo_sc_a+fifo_1.dual_port_ram+ram1^out1~2,36,111
696,top.arSRLFIFO_a+fi0.generic_fifo_sc_a+fifo_1.dual_port_ram+ram1^out1~3,25,96
697,top.arSRLFIFO_a+fi0.generic_fifo_sc_a+fifo_1.dual_port_ram+ram1^out1~4,36,111
698,top.arSRLFIFO_a+fi0.generic_fifo_sc_a+fifo_1.dual_port_ram+ram1^out1~5,25,91
699,top.arSRLFIFO_a+fi0.generic_fifo_sc_a+fifo_1.dual_port_ram+ram1^out1~6,36,111
700,top.arSRLFIFO_a+fi0.generic_fifo_sc_a+fifo_1.dual_port_ram+ram1^out1~7,36,111
701,top.arSRLFIFO_a+fi0.generic_fifo_sc_a+fifo_1.dual_port_ram+ram1^out1~8,36,111
702,top.arSRLFIFO_a+fi0.generic_fifo_sc_a+fifo_1.dual_port_ram+ram1^out1~9,36,111
703,top.arSRLFIFO_a+fi0.generic_fifo_sc_a+fifo_1.dual_port_ram+ram1^out1~10,36,111
704,top.arSRLFIFO_a+fi0.generic_fifo_sc_a+fifo_1.dual_port_ram+ram1^out1~11,36,96
705,top.arSRLFIFO_a+fi0.generic_fifo_sc_a+fifo_1.dual_port_ram+ram1^out1~12,36,96
706,top.arSRLFIFO_a+fi0.generic_fifo_sc_a+fifo_1.dual_port_ram+ram1^out1~13,36,96
707,top.arSRLFIFO_a+fi0.generic_fifo_sc_a+fifo_1.dual_port_ram+ram1^out1~14,36,96
708,top.arSRLFIFO_a+fi0.generic_fifo_sc_a+fifo_1.dual_port_ram+ram1^out1~15,36,96
709,top.arSRLFIFO_a+fi0.generic_fifo_sc_a+fifo_1.dual_port_ram+ram1^out1~16,36,96
710,top.arSRLFIFO_a+fi0.generic_fifo_sc_a+fifo_1.dual_port_ram+ram1^out1~17,36,96
711,top.arSRLFIFO_a+fi0.generic_fifo_sc_a+fifo_1.dual_port_ram+ram1^out1~18,36,96
712,top.arSRLFIFO_a+fi0.generic_fifo_sc_a+fifo_1.dual_port_ram+ram1^out1~19,25,96
713,top.arSRLFIFO_a+fi0.generic_fifo_sc_a+fifo_1.dual_port_ram+ram1^out1~20,25,96
714,top.arSRLFIFO_a+fi0.generic_fifo_sc_a+fifo_1.dual_port_ram+ram1^out1~21,25,96
715,top.arSRLFIFO_a+fi0.generic_fifo_sc_a+fifo_1.dual_port_ram+ram1^out1~22,25,96
716,top.arSRLFIFO_a+fi0.generic_fifo_sc_a+fifo_1.dual_port_ram+ram1^out1~23,25,96
717,top.arSRLFIFO_a+fi0.generic_fifo_sc_a+fifo_1.dual_port_ram+ram1^out1~24,25,96
718,top.arSRLFIFO_a+fi0.generic_fifo_sc_a+fifo_1.dual_port_ram+ram1^out1~25,25,96
719,top.arSRLFIFO_a+fi0.generic_fifo_sc_a+fifo_1.dual_port_ram+ram1^out1~26,25,96
720,top.arSRLFIFO_a+fi0.generic_fifo_sc_a+fifo_1.dual_port_ram+ram1^out1~27,25,96
721,top.arSRLFIFO_a+fi0.generic_fifo_sc_a+fifo_1.dual_port_ram+ram1^out1~28,25,96
722,top.arSRLFIFO_a+fi0.generic_fifo_sc_a+fifo_1.dual_port_ram+ram1^out1~29,25,96
723,top.arSRLFIFO_a+fi0.generic_fifo_sc_a+fifo_1.dual_port_ram+ram1^out1~30,25,96
724,top.arSRLFIFO_a+fi0.generic_fifo_sc_a+fifo_1.dual_port_ram+ram1^out1~31,25,96
725,top.arSRLFIFO_a+fi0.generic_fifo_sc_a+fifo_1.dual_port_ram+ram1^out1~32,25,96
726,top.arSRLFIFO_a+fi0.generic_fifo_sc_a+fifo_1.dual_port_ram+ram1^out1~33,25,96
727,top.arSRLFIFO_a+fi0.generic_fifo_sc_a+fifo_1.dual_port_ram+ram1^out1~34,25,96
728,top.arSRLFIFO_a+fi0.generic_fifo_sc_a+fifo_1.dual_port_ram+ram1^out1~35,25,96
729,top.arSRLFIFO_a+fi0.generic_fifo_sc_a+fifo_1.dual_port_ram+ram1^out1~36,36,96
730,top.arSRLFIFO_a+fi0.generic_fifo_sc_a+fifo_1.dual_port_ram+ram1^out1~37,36,96
731,top.arSRLFIFO_a+fi0.generic_fifo_sc_a+fifo_1.dual_port_ram+ram1^out1~38,25,91
732,top.arSRLFIFO_a+fi0.generic_fifo_sc_a+fifo_1.dual_port_ram+ram1^out1~39,25,91
733,top.arSRLFIFO_a+fi0.generic_fifo_sc_a+fifo_1.dual_port_ram+ram1^out1~40,25,91
734,top.arSRLFIFO_a+fi0.generic_fifo_sc_a+fifo_1.dual_port_ram+ram1^out1~41,25,91
735,top.arSRLFIFO_a+fi0.generic_fifo_sc_a+fifo_1.dual_port_ram+ram1^out1~42,25,91
736,top.arSRLFIFO_a+fi0.generic_fifo_sc_a+fifo_1.dual_port_ram+ram1^out1~43,25,91
737,top.arSRLFIFO_a+fi0.generic_fifo_sc_a+fifo_1.dual_port_ram+ram1^out1~44,25,91
738,top.arSRLFIFO_a+fi0.generic_fifo_sc_a+fifo_1.dual_port_ram+ram1^out1~45,36,106
739,top.arSRLFIFO_a+fi0.generic_fifo_sc_a+fifo_1.dual_port_ram+ram1^out1~46,36,106
740,top.arSRLFIFO_a+fi0.generic_fifo_sc_a+fifo_1.dual_port_ram+ram1^out1~47,36,106
741,top.arSRLFIFO_a+fi0.generic_fifo_sc_a+fifo_1.dual_port_ram+ram1^out1~48,36,106
742,top.arSRLFIFO_a+fi0.generic_fifo_sc_a+fifo_1.dual_port_ram+ram1^out1~49,36,106
743,top.arSRLFIFO_a+fi0.generic_fifo_sc_a+fifo_1.dual_port_ram+ram1^out1~50,36,106
744,top.arSRLFIFO_a+fi0.generic_fifo_sc_a+fifo_1.dual_port_ram+ram1^out1~51,36,106
745,top.arSRLFIFO_a+fi0.generic_fifo_sc_a+fifo_1.dual_port_ram+ram1^out1~52,36,106
746,top.arSRLFIFO_a+fi0.generic_fifo_sc_a+fifo_1.dual_port_ram+ram1^out1~53,36,106
747,top.arSRLFIFO_a+fi0.generic_fifo_sc_a+fifo_1.dual_port_ram+ram1^out1~54,36,106
748,top.arSRLFIFO_a+fi0.generic_fifo_sc_a+fifo_1.dual_port_ram+ram1^out1~55,36,106
749,top.arSRLFIFO_a+fi0.generic_fifo_sc_a+fifo_1.dual_port_ram+ram1^out1~56,36,106
750,top.arSRLFIFO_a+fi0.generic_fifo_sc_a+fifo_1.dual_port_ram+ram1^out1~57,36,106
751,top.arSRLFIFO_a+fi0.generic_fifo_sc_a+fifo_1.dual_port_ram+ram1^out1~58,36,106
752,top.arSRLFIFO_a+fi0.generic_fifo_sc_a+fifo_1.dual_port_ram+ram1^out1~59,36,106
753,top.arSRLFIFO_a+fi0.generic_fifo_sc_a+fifo_1.dual_port_ram+ram1^out1~60,36,106
754,top.arSRLFIFO_a+fi0.generic_fifo_sc_a+fifo_1.dual_port_ram+ram1^out1~61,36,106
755,top.arSRLFIFO_a+fi0.generic_fifo_sc_a+fifo_1.dual_port_ram+ram1^out1~62,36,106
756,top.arSRLFIFO_a+fi0.generic_fifo_sc_a+fifo_1.dual_port_ram+ram1^out1~63,36,106
757,top.arSRLFIFO_a+fi0.generic_fifo_sc_a+fifo_1.dual_port_ram+ram1^out1~64,36,106
758,top.arSRLFIFO_a+fi0.generic_fifo_sc_a+fifo_1.dual_port_ram+ram1^out1~65,36,106
759,top.arSRLFIFO_a+fi0.generic_fifo_sc_a+fifo_1.dual_port_ram+ram1^out1~66,36,106
760,top.arSRLFIFO_a+fi0.generic_fifo_sc_a+fifo_1.dual_port_ram+ram1^out1~67,36,106
761,top.arSRLFIFO_a+fi0.generic_fifo_sc_a+fifo_1.dual_port_ram+ram1^out1~68,36,106
762,top.arSRLFIFO_a+fi0.generic_fifo_sc_a+fifo_1.dual_port_ram+ram1^out1~69,36,106
763,top.arSRLFIFO_a+fi0.generic_fifo_sc_a+fifo_1.dual_port_ram+ram1^out1~70,36,106
764,top.arSRLFIFO_a+fi0.generic_fifo_sc_a+fifo_1.dual_port_ram+ram1^out1~71,36,106
765,top.arSRLFIFO_a+fi0.generic_fifo_sc_a+fifo_1.dual_port_ram+ram1^out1~72,36,106
766,top.arSRLFIFO_a+fi0.generic_fifo_sc_a+fifo_1.dual_port_ram+ram1^out1~73,36,106
767,top.arSRLFIFO_a+fi0.generic_fifo_sc_a+fifo_1.dual_port_ram+ram1^out1~74,36,106
768,top.arSRLFIFO_a+fi0.generic_fifo_sc_a+fifo_1.dual_port_ram+ram1^out1~75,36,106
769,top.arSRLFIFO_a+fi0.generic_fifo_sc_a+fifo_1.dual_port_ram+ram1^out1~76,36,106
770,top.arSRLFIFO_a+fi0.generic_fifo_sc_a+fifo_1.dual_port_ram+ram1^out1~77,36,106
771,top.arSRLFIFO_a+fi0.generic_fifo_sc_a+fifo_1.dual_port_ram+ram1^out1~78,36,106
772,top.arSRLFIFO_a+fi0.generic_fifo_sc_a+fifo_1.dual_port_ram+ram1^out1~79,36,106
773,top.arSRLFIFO_a+fi0.generic_fifo_sc_a+fifo_1.dual_port_ram+ram1^out1~80,25,86
774,top.arSRLFIFO_a+fi0.generic_fifo_sc_a+fifo_1.dual_port_ram+ram1^out1~81,25,86
775,top.arSRLFIFO_a+fi0.generic_fifo_sc_a+fifo_1.dual_port_ram+ram1^out1~82,25,86
776,top.arSRLFIFO_a+fi0.generic_fifo_sc_a+fifo_1.dual_port_ram+ram1^out1~83,25,86
777,top.arSRLFIFO_a+fi0.generic_fifo_sc_a+fifo_1.dual_port_ram+ram1^out1~84,25,86
778,top.arSRLFIFO_a+fi0.generic_fifo_sc_a+fifo_1.dual_port_ram+ram1^out1~85,25,86
779,top.arSRLFIFO_a+fi0.generic_fifo_sc_a+fifo_1.dual_port_ram+ram1^out1~86,25,86
780,top.arSRLFIFO_a+fi0.generic_fifo_sc_a+fifo_1.dual_port_ram+ram1^out1~87,25,86
781,top.arSRLFIFO_a+fi0.generic_fifo_sc_a+fifo_1.dual_port_ram+ram1^out1~88,25,86
782,top.arSRLFIFO_a+fi0.generic_fifo_sc_a+fifo_1.dual_port_ram+ram1^out1~89,25,86
783,top.arSRLFIFO_a+fi0.generic_fifo_sc_a+fifo_1.dual_port_ram+ram1^out1~90,25,86
784,top.arSRLFIFO_a+fi0.generic_fifo_sc_a+fifo_1.dual_port_ram+ram1^out1~91,25,86
785,top.arSRLFIFO_a+fi0.generic_fifo_sc_a+fifo_1.dual_port_ram+ram1^out1~92,25,86
786,top.arSRLFIFO_a+fi0.generic_fifo_sc_a+fifo_1.dual_port_ram+ram1^out1~93,25,86
787,top.arSRLFIFO_a+fi0.generic_fifo_sc_a+fifo_1.dual_port_ram+ram1^out1~94,25,86
788,top.arSRLFIFO_a+fi0.generic_fifo_sc_a+fifo_1.dual_port_ram+ram1^out1~95,25,86
789,top.arSRLFIFO_a+fi0.generic_fifo_sc_a+fifo_1.dual_port_ram+ram1^out1~96,25,86
790,top.arSRLFIFO_a+fi0.generic_fifo_sc_a+fifo_1.dual_port_ram+ram1^out1~97,25,86
791,top.arSRLFIFO_a+fi0.generic_fifo_sc_a+fifo_1.dual_port_ram+ram1^out1~98,25,86
792,top.arSRLFIFO_a+fi0.generic_fifo_sc_a+fifo_1.dual_port_ram+ram1^out1~99,25,86
793,top.arSRLFIFO_a+fi0.generic_fifo_sc_a+fifo_1.dual_port_ram+ram1^out1~100,25,86
794,top.arSRLFIFO_a+fi0.generic_fifo_sc_a+fifo_1.dual_port_ram+ram1^out1~101,25,86
795,top.arSRLFIFO_a+fi0.generic_fifo_sc_a+fifo_1.dual_port_ram+ram1^out1~102,25,86
796,top.arSRLFIFO_a+fi0.generic_fifo_sc_a+fifo_1.dual_port_ram+ram1^out1~103,25,86
797,top.arSRLFIFO_a+fi0.generic_fifo_sc_a+fifo_1.dual_port_ram+ram1^out1~104,25,86
798,top.arSRLFIFO_a+fi0.generic_fifo_sc_a+fifo_1.dual_port_ram+ram1^out1~105,25,86
799,top.arSRLFIFO_a+fi0.generic_fifo_sc_a+fifo_1.dual_port_ram+ram1^out1~106,25,86
800,top.arSRLFIFO_a+fi0.generic_fifo_sc_a+fifo_1.dual_port_ram+ram1^out1~107,25,86
801,top.arSRLFIFO_a+fi0.generic_fifo_sc_a+fifo_1.dual_port_ram+ram1^out1~108,25,86
802,top.arSRLFIFO_a+fi0.generic_fifo_sc_a+fifo_1.dual_port_ram+ram1^out1~109,25,86
803,top.arSRLFIFO_a+fi0.generic_fifo_sc_a+fifo_1.dual_port_ram+ram1^out1~110,25,86
804,top.arSRLFIFO_a+fi0.generic_fifo_sc_a+fifo_1.dual_port_ram+ram1^out1~111,25,86
805,top.arSRLFIFO_a+fi0.generic_fifo_sc_a+fifo_1.dual_port_ram+ram1^out1~112,25,86
806,top.arSRLFIFO_a+fi0.generic_fifo_sc_a+fifo_1.dual_port_ram+ram1^out1~113,25,86
807,top.arSRLFIFO_a+fi0.generic_fifo_sc_a+fifo_1.dual_port_ram+ram1^out1~114,25,86
808,top.arSRLFIFO_a+fi0.generic_fifo_sc_a+fifo_1.dual_port_ram+ram1^out1~115,25,91
809,top.arSRLFIFO_a+fi0.generic_fifo_sc_a+fifo_1.dual_port_ram+ram1^out1~116,25,91
810,top.arSRLFIFO_a+fi0.generic_fifo_sc_a+fifo_1.dual_port_ram+ram1^out1~117,25,91
811,top.arSRLFIFO_a+fi0.generic_fifo_sc_a+fifo_1.dual_port_ram+ram1^out1~118,25,91
812,top.arSRLFIFO_a+fi0.generic_fifo_sc_a+fifo_1.dual_port_ram+ram1^out1~119,25,91
813,top.arSRLFIFO_a+fi0.generic_fifo_sc_a+fifo_1.dual_port_ram+ram1^out1~120,25,91
814,top.arSRLFIFO_a+fi0.generic_fifo_sc_a+fifo_1.dual_port_ram+ram1^out1~121,25,91
815,top.arSRLFIFO_a+fi0.generic_fifo_sc_a+fifo_1.dual_port_ram+ram1^out1~122,25,91
816,top.arSRLFIFO_a+fi0.generic_fifo_sc_a+fifo_1.dual_port_ram+ram1^out1~123,25,91
817,top.arSRLFIFO_a+fi0.generic_fifo_sc_a+fifo_1.dual_port_ram+ram1^out1~124,25,91
818,top.arSRLFIFO_a+fi0.generic_fifo_sc_a+fifo_1.dual_port_ram+ram1^out1~125,36,96
819,top.arSRLFIFO_a+fi0.generic_fifo_sc_a+fifo_1.dual_port_ram+ram1^out1~126,36,96
820,top.arSRLFIFO_a+fi0.generic_fifo_sc_a+fifo_1.dual_port_ram+ram1^out1~127,36,96
821,top.arSRLFIFO_a+fi0.generic_fifo_sc_a+fifo_1.dual_port_ram+ram1^out1~128,36,96
822,top.arSRLFIFO_a+fi0.generic_fifo_sc_a+fifo_1.dual_port_ram+ram1^out1~129,36,96
823,top.arSRLFIFO_a+fi0.generic_fifo_sc_a+fifo_1.dual_port_ram+ram1^out1~130,36,96
824,top.arSRLFIFO_a+fi0.generic_fifo_sc_a+fifo_1.dual_port_ram+ram1^out1~131,36,96
825,top.arSRLFIFO_a+fi0.generic_fifo_sc_a+fifo_1.dual_port_ram+ram1^out1~132,36,96
826,top.arSRLFIFO_a+fi0.generic_fifo_sc_a+fifo_1.dual_port_ram+ram1^out1~133,36,96
827,top.arSRLFIFO_a+fi0.generic_fifo_sc_a+fifo_1.dual_port_ram+ram1^out1~134,36,96
828,top.arSRLFIFO_a+fi0.generic_fifo_sc_a+fifo_1.dual_port_ram+ram1^out1~135,36,96
829,top.arSRLFIFO_a+fi0.generic_fifo_sc_a+fifo_1.dual_port_ram+ram1^out1~136,36,96
830,top.arSRLFIFO_a+fi0.generic_fifo_sc_a+fifo_1.dual_port_ram+ram1^out1~137,36,96
831,top.arSRLFIFO_a+fi0.generic_fifo_sc_a+fifo_1.dual_port_ram+ram1^out1~138,36,96
832,top.arSRLFIFO_a+fi0.generic_fifo_sc_a+fifo_1.dual_port_ram+ram1^out1~139,36,96
833,top.arSRLFIFO_a+fi0.generic_fifo_sc_a+fifo_1.dual_port_ram+ram1^out1~140,36,96
834,top.arSRLFIFO_a+fi0.generic_fifo_sc_a+fifo_1.dual_port_ram+ram1^out1~141,36,96
835,top.arSRLFIFO_a+fi0.generic_fifo_sc_a+fifo_1.dual_port_ram+ram1^out1~142,36,96
836,top.arSRLFIFO_a+fi0.generic_fifo_sc_a+fifo_1.dual_port_ram+ram1^out1~143,36,96
837,top.arSRLFIFO_a+fi0.generic_fifo_sc_a+fifo_1.dual_port_ram+ram1^out1~144,36,96
838,top.arSRLFIFO_a+fi0.generic_fifo_sc_a+fifo_1.dual_port_ram+ram1^out1~145,36,96
839,top.arSRLFIFO_a+fi0.generic_fifo_sc_a+fifo_1.dual_port_ram+ram1^out1~146,36,96
840,top.arSRLFIFO_a+fi0.generic_fifo_sc_a+fifo_1.dual_port_ram+ram1^out1~147,25,86
841,top.arSRLFIFO_a+fi0.generic_fifo_sc_a+fifo_1.dual_port_ram+ram1^out1~148,36,96
842,top.arSRLFIFO_a+fi0.generic_fifo_sc_a+fifo_1.dual_port_ram+ram1^out1~149,36,96
843,top.arSRLFIFO_a+fi0.generic_fifo_sc_a+fifo_1.dual_port_ram+ram1^out1~150,36,96
844,top.arSRLFIFO_a+fi0.generic_fifo_sc_a+fifo_1.dual_port_ram+ram1^out1~151,36,96
845,top.arSRLFIFO_b+fi1.generic_fifo_sc_b+fifo_1.dual_port_ram+ram1^out1~152,25,91
846,top.arSRLFIFO_b+fi1.generic_fifo_sc_b+fifo_1.dual_port_ram+ram1^out1~0,25,91
847,top.arSRLFIFO_b+fi1.generic_fifo_sc_b+fifo_1.dual_port_ram+ram1^out1~1,25,91
848,top.arSRLFIFO_b+fi1.generic_fifo_sc_b+fifo_1.dual_port_ram+ram1^out1~2,25,91
849,top.arSRLFIFO_b+fi1.generic_fifo_sc_b+fifo_1.dual_port_ram+ram1^out1~3,25,91
850,top.arSRLFIFO_b+fi1.generic_fifo_sc_b+fifo_1.dual_port_ram+ram1^out1~4,25,91
851,top.arSRLFIFO_b+fi1.generic_fifo_sc_b+fifo_1.dual_port_ram+ram1^out1~5,25,91
852,top.arSRLFIFO_b+fi1.generic_fifo_sc_b+fifo_1.dual_port_ram+ram1^out1~6,25,91
853,top.arSRLFIFO_b+fi1.generic_fifo_sc_b+fifo_1.dual_port_ram+ram1^out1~7,25,91
854,top.arSRLFIFO_b+fi1.generic_fifo_sc_b+fifo_1.dual_port_ram+ram1^out1~8,36,76
855,top.arSRLFIFO_b+fi1.generic_fifo_sc_b+fifo_1.dual_port_ram+ram1^out1~9,36,76
856,top.arSRLFIFO_b+fi1.generic_fifo_sc_b+fifo_1.dual_port_ram+ram1^out1~10,36,76
857,top.arSRLFIFO_b+fi1.generic_fifo_sc_b+fifo_1.dual_port_ram+ram1^out1~11,36,76
858,top.arSRLFIFO_b+fi1.generic_fifo_sc_b+fifo_1.dual_port_ram+ram1^out1~12,36,76
859,top.arSRLFIFO_b+fi1.generic_fifo_sc_b+fifo_1.dual_port_ram+ram1^out1~13,36,76
860,top.arSRLFIFO_b+fi1.generic_fifo_sc_b+fifo_1.dual_port_ram+ram1^out1~14,36,76
861,top.arSRLFIFO_b+fi1.generic_fifo_sc_b+fifo_1.dual_port_ram+ram1^out1~15,36,76
862,top.arSRLFIFO_b+fi1.generic_fifo_sc_b+fifo_1.dual_port_ram+ram1^out1~16,36,76
863,top.arSRLFIFO_b+fi1.generic_fifo_sc_b+fifo_1.dual_port_ram+ram1^out1~17,36,76
864,top.arSRLFIFO_b+fi1.generic_fifo_sc_b+fifo_1.dual_port_ram+ram1^out1~18,36,76
865,top.arSRLFIFO_b+fi1.generic_fifo_sc_b+fifo_1.dual_port_ram+ram1^out1~19,36,76
866,top.arSRLFIFO_b+fi1.generic_fifo_sc_b+fifo_1.dual_port_ram+ram1^out1~20,36,76
867,top.arSRLFIFO_b+fi1.generic_fifo_sc_b+fifo_1.dual_port_ram+ram1^out1~21,36,76
868,top.arSRLFIFO_b+fi1.generic_fifo_sc_b+fifo_1.dual_port_ram+ram1^out1~22,36,76
869,top.arSRLFIFO_b+fi1.generic_fifo_sc_b+fifo_1.dual_port_ram+ram1^out1~23,36,76
870,top.arSRLFIFO_b+fi1.generic_fifo_sc_b+fifo_1.dual_port_ram+ram1^out1~24,36,76
871,top.arSRLFIFO_b+fi1.generic_fifo_sc_b+fifo_1.dual_port_ram+ram1^out1~25,36,76
872,top.arSRLFIFO_b+fi1.generic_fifo_sc_b+fifo_1.dual_port_ram+ram1^out1~26,36,101
873,top.arSRLFIFO_b+fi1.generic_fifo_sc_b+fifo_1.dual_port_ram+ram1^out1~27,36,101
874,top.arSRLFIFO_b+fi1.generic_fifo_sc_b+fifo_1.dual_port_ram+ram1^out1~28,36,101
875,top.arSRLFIFO_b+fi1.generic_fifo_sc_b+fifo_1.dual_port_ram+ram1^out1~29,36,101
876,top.arSRLFIFO_b+fi1.generic_fifo_sc_b+fifo_1.dual_port_ram+ram1^out1~30,36,101
877,top.arSRLFIFO_b+fi1.generic_fifo_sc_b+fifo_1.dual_port_ram+ram1^out1~31,36,101
878,top.arSRLFIFO_b+fi1.generic_fifo_sc_b+fifo_1.dual_port_ram+ram1^out1~32,36,101
879,top.arSRLFIFO_b+fi1.generic_fifo_sc_b+fifo_1.dual_port_ram+ram1^out1~33,36,101
880,top.arSRLFIFO_b+fi1.generic_fifo_sc_b+fifo_1.dual_port_ram+ram1^out1~34,36,101
881,top.arSRLFIFO_b+fi1.generic_fifo_sc_b+fifo_1.dual_port_ram+ram1^out1~35,36,101
882,top.arSRLFIFO_b+fi1.generic_fifo_sc_b+fifo_1.dual_port_ram+ram1^out1~36,36,101
883,top.arSRLFIFO_b+fi1.generic_fifo_sc_b+fifo_1.dual_port_ram+ram1^out1~37,36,101
884,top.arSRLFIFO_b+fi1.generic_fifo_sc_b+fifo_1.dual_port_ram+ram1^out1~38,36,101
885,top.arSRLFIFO_b+fi1.generic_fifo_sc_b+fifo_1.dual_port_ram+ram1^out1~39,36,101
886,top.arSRLFIFO_b+fi1.generic_fifo_sc_b+fifo_1.dual_port_ram+ram1^out1~40,36,101
887,top.arSRLFIFO_b+fi1.generic_fifo_sc_b+fifo_1.dual_port_ram+ram1^out1~41,36,101
888,top.arSRLFIFO_b+fi1.generic_fifo_sc_b+fifo_1.dual_port_ram+ram1^out1~42,36,101
889,top.arSRLFIFO_b+fi1.generic_fifo_sc_b+fifo_1.dual_port_ram+ram1^out1~43,36,101
890,top.arSRLFIFO_b+fi1.generic_fifo_sc_b+fifo_1.dual_port_ram+ram1^out1~44,36,101
891,top.arSRLFIFO_b+fi1.generic_fifo_sc_b+fifo_1.dual_port_ram+ram1^out1~45,36,101
892,top.arSRLFIFO_b+fi1.generic_fifo_sc_b+fifo_1.dual_port_ram+ram1^out1~46,36,101
893,top.arSRLFIFO_b+fi1.generic_fifo_sc_b+fifo_1.dual_port_ram+ram1^out1~47,36,101
894,top.arSRLFIFO_b+fi1.generic_fifo_sc_b+fifo_1.dual_port_ram+ram1^out1~48,36,101
895,top.arSRLFIFO_b+fi1.generic_fifo_sc_b+fifo_1.dual_port_ram+ram1^out1~49,36,101
896,top.arSRLFIFO_b+fi1.generic_fifo_sc_b+fifo_1.dual_port_ram+ram1^out1~50,36,101
897,top.arSRLFIFO_b+fi1.generic_fifo_sc_b+fifo_1.dual_port_ram+ram1^out1~51,36,101
898,top.arSRLFIFO_b+fi1.generic_fifo_sc_b+fifo_1.dual_port_ram+ram1^out1~52,36,101
899,top.arSRLFIFO_b+fi1.generic_fifo_sc_b+fifo_1.dual_port_ram+ram1^out1~53,36,101
900,top.arSRLFIFO_b+fi1.generic_fifo_sc_b+fifo_1.dual_port_ram+ram1^out1~54,36,101
901,top.arSRLFIFO_b+fi1.generic_fifo_sc_b+fifo_1.dual_port_ram+ram1^out1~55,36,101
902,top.arSRLFIFO_b+fi1.generic_fifo_sc_b+fifo_1.dual_port_ram+ram1^out1~56,36,101
903,top.arSRLFIFO_b+fi1.generic_fifo_sc_b+fifo_1.dual_port_ram+ram1^out1~57,36,101
904,top.arSRLFIFO_b+fi1.generic_fifo_sc_b+fifo_1.dual_port_ram+ram1^out1~58,36,101
905,top.arSRLFIFO_b+fi1.generic_fifo_sc_b+fifo_1.dual_port_ram+ram1^out1~59,36,101
906,top.arSRLFIFO_b+fi1.generic_fifo_sc_b+fifo_1.dual_port_ram+ram1^out1~60,36,101
907,top.arSRLFIFO_b+fi1.generic_fifo_sc_b+fifo_1.dual_port_ram+ram1^out1~61,25,101
908,top.arSRLFIFO_b+fi1.generic_fifo_sc_b+fifo_1.dual_port_ram+ram1^out1~62,25,101
909,top.arSRLFIFO_b+fi1.generic_fifo_sc_b+fifo_1.dual_port_ram+ram1^out1~63,25,101
910,top.arSRLFIFO_b+fi1.generic_fifo_sc_b+fifo_1.dual_port_ram+ram1^out1~64,25,101
911,top.arSRLFIFO_b+fi1.generic_fifo_sc_b+fifo_1.dual_port_ram+ram1^out1~65,25,101
912,top.arSRLFIFO_b+fi1.generic_fifo_sc_b+fifo_1.dual_port_ram+ram1^out1~66,25,101
913,top.arSRLFIFO_b+fi1.generic_fifo_sc_b+fifo_1.dual_port_ram+ram1^out1~67,25,101
914,top.arSRLFIFO_b+fi1.generic_fifo_sc_b+fifo_1.dual_port_ram+ram1^out1~68,25,101
915,top.arSRLFIFO_b+fi1.generic_fifo_sc_b+fifo_1.dual_port_ram+ram1^out1~69,25,101
916,top.arSRLFIFO_b+fi1.generic_fifo_sc_b+fifo_1.dual_port_ram+ram1^out1~70,25,101
917,top.arSRLFIFO_b+fi1.generic_fifo_sc_b+fifo_1.dual_port_ram+ram1^out1~71,25,101
918,top.arSRLFIFO_b+fi1.generic_fifo_sc_b+fifo_1.dual_port_ram+ram1^out1~72,25,101
919,top.arSRLFIFO_b+fi1.generic_fifo_sc_b+fifo_1.dual_port_ram+ram1^out1~73,25,101
920,top.arSRLFIFO_b+fi1.generic_fifo_sc_b+fifo_1.dual_port_ram+ram1^out1~74,25,101
921,top.arSRLFIFO_b+fi1.generic_fifo_sc_b+fifo_1.dual_port_ram+ram1^out1~75,25,101
922,top.arSRLFIFO_b+fi1.generic_fifo_sc_b+fifo_1.dual_port_ram+ram1^out1~76,36,101
923,top.arSRLFIFO_b+fi1.generic_fifo_sc_b+fifo_1.dual_port_ram+ram1^out1~77,25,101
924,top.arSRLFIFO_b+fi1.generic_fifo_sc_b+fifo_1.dual_port_ram+ram1^out1~78,25,101
925,top.arSRLFIFO_b+fi1.generic_fifo_sc_b+fifo_1.dual_port_ram+ram1^out1~79,25,101
926,top.arSRLFIFO_b+fi1.generic_fifo_sc_b+fifo_1.dual_port_ram+ram1^out1~80,25,101
927,top.arSRLFIFO_b+fi1.generic_fifo_sc_b+fifo_1.dual_port_ram+ram1^out1~81,25,101
928,top.arSRLFIFO_b+fi1.generic_fifo_sc_b+fifo_1.dual_port_ram+ram1^out1~82,25,101
929,top.arSRLFIFO_b+fi1.generic_fifo_sc_b+fifo_1.dual_port_ram+ram1^out1~83,25,101
930,top.arSRLFIFO_b+fi1.generic_fifo_sc_b+fifo_1.dual_port_ram+ram1^out1~84,25,101
931,top.arSRLFIFO_b+fi1.generic_fifo_sc_b+fifo_1.dual_port_ram+ram1^out1~85,25,101
932,top.arSRLFIFO_b+fi1.generic_fifo_sc_b+fifo_1.dual_port_ram+ram1^out1~86,25,101
933,top.arSRLFIFO_b+fi1.generic_fifo_sc_b+fifo_1.dual_port_ram+ram1^out1~87,25,101
934,top.arSRLFIFO_b+fi1.generic_fifo_sc_b+fifo_1.dual_port_ram+ram1^out1~88,25,101
935,top.arSRLFIFO_b+fi1.generic_fifo_sc_b+fifo_1.dual_port_ram+ram1^out1~89,25,101
936,top.arSRLFIFO_b+fi1.generic_fifo_sc_b+fifo_1.dual_port_ram+ram1^out1~90,25,101
937,top.arSRLFIFO_b+fi1.generic_fifo_sc_b+fifo_1.dual_port_ram+ram1^out1~91,25,101
938,top.arSRLFIFO_b+fi1.generic_fifo_sc_b+fifo_1.dual_port_ram+ram1^out1~92,25,101
939,top.arSRLFIFO_b+fi1.generic_fifo_sc_b+fifo_1.dual_port_ram+ram1^out1~93,25,101
940,top.arSRLFIFO_b+fi1.generic_fifo_sc_b+fifo_1.dual_port_ram+ram1^out1~94,25,101
941,top.arSRLFIFO_b+fi1.generic_fifo_sc_b+fifo_1.dual_port_ram+ram1^out1~95,25,101
942,top.arSRLFIFO_b+fi1.generic_fifo_sc_b+fifo_1.dual_port_ram+ram1^out1~96,25,101
943,top.arSRLFIFO_b+fi1.generic_fifo_sc_b+fifo_1.dual_port_ram+ram1^out1~97,25,101
944,top.arSRLFIFO_b+fi1.generic_fifo_sc_b+fifo_1.dual_port_ram+ram1^out1~98,36,81
945,top.arSRLFIFO_b+fi1.generic_fifo_sc_b+fifo_1.dual_port_ram+ram1^out1~99,36,81
946,top.arSRLFIFO_b+fi1.generic_fifo_sc_b+fifo_1.dual_port_ram+ram1^out1~100,36,81
947,top.arSRLFIFO_b+fi1.generic_fifo_sc_b+fifo_1.dual_port_ram+ram1^out1~101,36,81
948,top.arSRLFIFO_b+fi1.generic_fifo_sc_b+fifo_1.dual_port_ram+ram1^out1~102,36,81
949,top.arSRLFIFO_b+fi1.generic_fifo_sc_b+fifo_1.dual_port_ram+ram1^out1~103,36,81
950,top.arSRLFIFO_b+fi1.generic_fifo_sc_b+fifo_1.dual_port_ram+ram1^out1~104,36,81
951,top.arSRLFIFO_b+fi1.generic_fifo_sc_b+fifo_1.dual_port_ram+ram1^out1~105,36,81
952,top.arSRLFIFO_b+fi1.generic_fifo_sc_b+fifo_1.dual_port_ram+ram1^out1~106,36,81
953,top.arSRLFIFO_b+fi1.generic_fifo_sc_b+fifo_1.dual_port_ram+ram1^out1~107,36,81
954,top.arSRLFIFO_b+fi1.generic_fifo_sc_b+fifo_1.dual_port_ram+ram1^out1~108,36,81
955,top.arSRLFIFO_b+fi1.generic_fifo_sc_b+fifo_1.dual_port_ram+ram1^out1~109,36,81
956,top.arSRLFIFO_b+fi1.generic_fifo_sc_b+fifo_1.dual_port_ram+ram1^out1~110,36,81
957,top.arSRLFIFO_b+fi1.generic_fifo_sc_b+fifo_1.dual_port_ram+ram1^out1~111,36,81
958,top.arSRLFIFO_b+fi1.generic_fifo_sc_b+fifo_1.dual_port_ram+ram1^out1~112,36,81
959,top.arSRLFIFO_b+fi1.generic_fifo_sc_b+fifo_1.dual_port_ram+ram1^out1~113,36,81
960,top.arSRLFIFO_b+fi1.generic_fifo_sc_b+fifo_1.dual_port_ram+ram1^out1~114,36,81
961,top.arSRLFIFO_b+fi1.generic_fifo_sc_b+fifo_1.dual_port_ram+ram1^out1~115,36,81
962,top.arSRLFIFO_b+fi1.generic_fifo_sc_b+fifo_1.dual_port_ram+ram1^out1~116,36,81
963,top.arSRLFIFO_b+fi1.generic_fifo_sc_b+fifo_1.dual_port_ram+ram1^out1~117,36,81
964,top.arSRLFIFO_b+fi1.generic_fifo_sc_b+fifo_1.dual_port_ram+ram1^out1~118,36,81
965,top.arSRLFIFO_b+fi1.generic_fifo_sc_b+fifo_1.dual_port_ram+ram1^out1~119,36,81
966,top.arSRLFIFO_b+fi1.generic_fifo_sc_b+fifo_1.dual_port_ram+ram1^out1~120,36,81
967,top.arSRLFIFO_b+fi1.generic_fifo_sc_b+fifo_1.dual_port_ram+ram1^out1~121,36,81
968,top.arSRLFIFO_b+fi1.generic_fifo_sc_b+fifo_1.dual_port_ram+ram1^out1~122,36,81
969,top.arSRLFIFO_b+fi1.generic_fifo_sc_b+fifo_1.dual_port_ram+ram1^out1~123,36,81
970,top.arSRLFIFO_b+fi1.generic_fifo_sc_b+fifo_1.dual_port_ram+ram1^out1~124,36,81
971,top.arSRLFIFO_b+fi1.generic_fifo_sc_b+fifo_1.dual_port_ram+ram1^out1~125,36,81
972,top.arSRLFIFO_b+fi1.generic_fifo_sc_b+fifo_1.dual_port_ram+ram1^out1~126,36,81
973,top.arSRLFIFO_b+fi1.generic_fifo_sc_b+fifo_1.dual_port_ram+ram1^out1~127,36,81
974,top.arSRLFIFO_b+fi1.generic_fifo_sc_b+fifo_1.dual_port_ram+ram1^out1~128,36,81
975,top.arSRLFIFO_b+fi1.generic_fifo_sc_b+fifo_1.dual_port_ram+ram1^out1~129,36,81
976,top.arSRLFIFO_b+fi1.generic_fifo_sc_b+fifo_1.dual_port_ram+ram1^out1~130,36,81
977,top.arSRLFIFO_b+fi1.generic_fifo_sc_b+fifo_1.dual_port_ram+ram1^out1~131,36,81
978,top.arSRLFIFO_b+fi1.generic_fifo_sc_b+fifo_1.dual_port_ram+ram1^out1~132,36,81
979,top.arSRLFIFO_b+fi1.generic_fifo_sc_b+fifo_1.dual_port_ram+ram1^out1~133,36,76
980,top.arSRLFIFO_b+fi1.generic_fifo_sc_b+fifo_1.dual_port_ram+ram1^out1~134,36,76
981,top.arSRLFIFO_b+fi1.generic_fifo_sc_b+fifo_1.dual_port_ram+ram1^out1~135,36,76
982,top.arSRLFIFO_b+fi1.generic_fifo_sc_b+fifo_1.dual_port_ram+ram1^out1~136,36,76
983,top.arSRLFIFO_b+fi1.generic_fifo_sc_b+fifo_1.dual_port_ram+ram1^out1~137,36,76
984,top.arSRLFIFO_b+fi1.generic_fifo_sc_b+fifo_1.dual_port_ram+ram1^out1~138,36,76
985,top.arSRLFIFO_b+fi1.generic_fifo_sc_b+fifo_1.dual_port_ram+ram1^out1~139,36,76
986,top.arSRLFIFO_b+fi1.generic_fifo_sc_b+fifo_1.dual_port_ram+ram1^out1~140,36,76
987,top.arSRLFIFO_b+fi1.generic_fifo_sc_b+fifo_1.dual_port_ram+ram1^out1~141,36,81
988,top.arSRLFIFO_b+fi1.generic_fifo_sc_b+fifo_1.dual_port_ram+ram1^out1~142,36,76
989,top.arSRLFIFO_b+fi1.generic_fifo_sc_b+fifo_1.dual_port_ram+ram1^out1~143,36,76
990,top.arSRLFIFO_b+fi1.generic_fifo_sc_b+fifo_1.dual_port_ram+ram1^out1~144,36,76
991,top.arSRLFIFO_b+fi1.generic_fifo_sc_b+fifo_1.dual_port_ram+ram1^out1~145,36,76
992,top.arSRLFIFO_b+fi1.generic_fifo_sc_b+fifo_1.dual_port_ram+ram1^out1~146,36,76
993,top.arSRLFIFO_b+fi1.generic_fifo_sc_b+fifo_1.dual_port_ram+ram1^out1~147,36,76
994,top.arSRLFIFO_b+fi1.generic_fifo_sc_b+fifo_1.dual_port_ram+ram1^out1~148,36,76
995,top.arSRLFIFO_b+fi1.generic_fifo_sc_b+fifo_1.dual_port_ram+ram1^out1~149,36,76
996,top.arSRLFIFO_b+fi1.generic_fifo_sc_b+fifo_1.dual_port_ram+ram1^out1~150,36,76
997,top.arSRLFIFO_b+fi1.generic_fifo_sc_b+fifo_1.dual_port_ram+ram1^out1~151,36,76
998,n2056,32,96
999,n2212,31,94
1000,n2213,31,98
1001,n2214,31,98
1002,n2211,31,98
1003,n2215,32,96
1004,n2218,31,97
1005,n2221,31,97
1006,n2219,31,98
1007,n2220,31,97
1008,n2224,31,97
1009,n2223,31,97
1010,n2225,31,94
1011,n2228,32,95
1012,n2248,31,96
1013,n2249,31,96
1014,n2251,32,97
1015,n2250,32,97
1016,n2252,31,96
1017,n2253,31,96
1018,n2256,32,98
1019,n2257,31,96
1020,n2255,32,98
1021,n2259,32,96
1022,n2258,32,98
1023,n2261,32,96
1024,n2262,32,97
1025,n2263,32,97
1026,n2265,32,98
1027,n2266,32,96
1028,n2286,30,95
1029,n2285,31,95
1030,n2288,31,95
1031,n2290,31,95
1032,n2292,31,95
1033,n2293,31,95
1034,n2291,30,96
1035,n2296,30,95
1036,n2297,30,95
1037,n2295,30,95
1038,n2298,30,95
